Restore Archived Project report for pcihello
Mon Jul 14 13:17:20 2025
Quartus Prime Version 17.1.0 Build 590 10/25/2017 SJ Lite Edition


---------------------
; Table of Contents ;
---------------------
  1. Legal Notice
  2. Restore Archived Project Summary
  3. Restore Archived Project Messages
  4. Files Restored
  5. Files Not Restored



----------------
; Legal Notice ;
----------------
Copyright (C) 2017  Intel Corporation. All rights reserved.
Your use of Intel Corporation's design tools, logic functions 
and other software and tools, and its AMPP partner logic 
functions, and any output files from any of the foregoing 
(including device programming or simulation files), and any 
associated documentation or information are expressly subject 
to the terms and conditions of the Intel Program License 
Subscription Agreement, the Intel Quartus Prime License Agreement,
the Intel FPGA IP License Agreement, or other applicable license
agreement, including, without limitation, that your use is for
the sole purpose of programming logic devices manufactured by
Intel and sold by Intel or its authorized distributors.  Please
refer to the applicable agreement for further details.



+-------------------------------------------------------------------------+
; Restore Archived Project Summary                                        ;
+---------------------------------+---------------------------------------+
; Restore Archived Project Status ; Successful - Mon Jul 14 13:17:20 2025 ;
; Revision Name                   ; pcihello                              ;
; Top-level Entity Name           ; pcihello                              ;
; Family                          ; Cyclone IV GX                         ;
+---------------------------------+---------------------------------------+


+-----------------------------------+
; Restore Archived Project Messages ;
+-----------------------------------+
Warning (292006): Can't contact license server "27200@pesqueira.cin.ufpe.br" -- this server will be ignored.
Info: Successfully restored 'D:/Users/iybp/Downloads/mapeamento-0.2-alunos/mapeamento/pcihello.qar' into the 'D:/Users/iybp/Downloads/mapeamento-0.2-alunos/mapeamento/pcihello_restored/' directory
Info: Generated report 'pcihello.restore.rpt'
Info (23030): Evaluation of Tcl script c:/altera/17.1/quartus/common/tcl/apps/qpm/qar.tcl was successful
Info: Quartus Prime Shell was successful. 0 errors, 3 warnings
    Info: Peak virtual memory: 4855 megabytes
    Info: Processing ended: Mon Jul 14 13:17:20 2025
    Info: Elapsed time: 00:00:04
    Info: Total CPU time (on all processors): 00:00:00


+-----------------------------------------------------------------------------------------------------------+
; Files Restored                                                                                            ;
+-----------------------------------------------------------------------------------------------------------+
; File Name                                                                                                 ;
+-----------------------------------------------------------------------------------------------------------+
; qar_info.json                                                                                             ;
; db/ip/pcihellocore/submodules/altera_pci_express.sdc                                                      ;
; db/ip/pcihellocore/submodules/altera_reset_controller.sdc                                                 ;
; pcihello.SDC                                                                                              ;
; pcihello.cmp                                                                                              ;
; pcihello.qpf                                                                                              ;
; pcihello.qsf                                                                                              ;
; pcihello.v                                                                                                ;
; pcihello_assignment_defaults.qdf                                                                          ;
; pcihellocore.cmp                                                                                          ;
; pcihellocore.qsys                                                                                         ;
; pcihellocore.sopcinfo                                                                                     ;
; pcihellocore/pcihellocore.bsf                                                                             ;
; pcihellocore/pcihellocore.cmp                                                                             ;
; pcihellocore/pcihellocore.html                                                                            ;
; pcihellocore/pcihellocore.xml                                                                             ;
; pcihellocore/pcihellocore_bb.v                                                                            ;
; pcihellocore/pcihellocore_generation.rpt                                                                  ;
; pcihellocore/pcihellocore_generation_previous.rpt                                                         ;
; pcihellocore/pcihellocore_inst.v                                                                          ;
; pcihellocore/pcihellocore_inst.vhd                                                                        ;
; pcihellocore/synthesis/pcihellocore.debuginfo                                                             ;
; pcihellocore/synthesis/pcihellocore.qip                                                                   ;
; pcihellocore/synthesis/pcihellocore.regmap                                                                ;
; pcihellocore/synthesis/pcihellocore.v                                                                     ;
; pcihellocore/synthesis/submodules/altera_avalon_sc_fifo.v                                                 ;
; pcihellocore/synthesis/submodules/altera_avalon_st_clock_crosser.v                                        ;
; pcihellocore/synthesis/submodules/altera_avalon_st_handshake_clock_crosser.v                              ;
; pcihellocore/synthesis/submodules/altera_avalon_st_pipeline_base.v                                        ;
; pcihellocore/synthesis/submodules/altera_avalon_st_pipeline_stage.sv                                      ;
; pcihellocore/synthesis/submodules/altera_default_burst_converter.sv                                       ;
; pcihellocore/synthesis/submodules/altera_incr_burst_converter.sv                                          ;
; pcihellocore/synthesis/submodules/altera_irq_clock_crosser.sv                                             ;
; pcihellocore/synthesis/submodules/altera_merlin_address_alignment.sv                                      ;
; pcihellocore/synthesis/submodules/altera_merlin_arbitrator.sv                                             ;
; pcihellocore/synthesis/submodules/altera_merlin_burst_adapter.sv                                          ;
; pcihellocore/synthesis/submodules/altera_merlin_burst_adapter_13_1.sv                                     ;
; pcihellocore/synthesis/submodules/altera_merlin_burst_adapter_new.sv                                      ;
; pcihellocore/synthesis/submodules/altera_merlin_burst_adapter_uncmpr.sv                                   ;
; pcihellocore/synthesis/submodules/altera_merlin_burst_uncompressor.sv                                     ;
; pcihellocore/synthesis/submodules/altera_merlin_master_agent.sv                                           ;
; pcihellocore/synthesis/submodules/altera_merlin_master_translator.sv                                      ;
; pcihellocore/synthesis/submodules/altera_merlin_reorder_memory.sv                                         ;
; pcihellocore/synthesis/submodules/altera_merlin_slave_agent.sv                                            ;
; pcihellocore/synthesis/submodules/altera_merlin_slave_translator.sv                                       ;
; pcihellocore/synthesis/submodules/altera_merlin_traffic_limiter.sv                                        ;
; pcihellocore/synthesis/submodules/altera_merlin_width_adapter.sv                                          ;
; pcihellocore/synthesis/submodules/altera_pci_express.sdc                                                  ;
; pcihellocore/synthesis/submodules/altera_pcie_hard_ip_reset_controller.v                                  ;
; pcihellocore/synthesis/submodules/altera_reset_controller.sdc                                             ;
; pcihellocore/synthesis/submodules/altera_reset_controller.v                                               ;
; pcihellocore/synthesis/submodules/altera_reset_synchronizer.v                                             ;
; pcihellocore/synthesis/submodules/altera_wrap_burst_converter.sv                                          ;
; pcihellocore/synthesis/submodules/altpcie_hip_pipen1b_qsys.v                                              ;
; pcihellocore/synthesis/submodules/altpcie_pcie_reconfig_bridge.v                                          ;
; pcihellocore/synthesis/submodules/altpcie_pipe_interface.v                                                ;
; pcihellocore/synthesis/submodules/altpcie_pll_100_250.v                                                   ;
; pcihellocore/synthesis/submodules/altpcie_pll_125_250.v                                                   ;
; pcihellocore/synthesis/submodules/altpcie_rs_serdes.v                                                     ;
; pcihellocore/synthesis/submodules/altpciexpav_clksync.v                                                   ;
; pcihellocore/synthesis/submodules/altpciexpav_lite_app.v                                                  ;
; pcihellocore/synthesis/submodules/altpciexpav_stif_a2p_addrtrans.v                                        ;
; pcihellocore/synthesis/submodules/altpciexpav_stif_a2p_fixtrans.v                                         ;
; pcihellocore/synthesis/submodules/altpciexpav_stif_a2p_vartrans.v                                         ;
; pcihellocore/synthesis/submodules/altpciexpav_stif_app.v                                                  ;
; pcihellocore/synthesis/submodules/altpciexpav_stif_cfg_status.v                                           ;
; pcihellocore/synthesis/submodules/altpciexpav_stif_control_register.v                                     ;
; pcihellocore/synthesis/submodules/altpciexpav_stif_cr_avalon.v                                            ;
; pcihellocore/synthesis/submodules/altpciexpav_stif_cr_interrupt.v                                         ;
; pcihellocore/synthesis/submodules/altpciexpav_stif_cr_mailbox.v                                           ;
; pcihellocore/synthesis/submodules/altpciexpav_stif_p2a_addrtrans.v                                        ;
; pcihellocore/synthesis/submodules/altpciexpav_stif_reg_fifo.v                                             ;
; pcihellocore/synthesis/submodules/altpciexpav_stif_rx.v                                                   ;
; pcihellocore/synthesis/submodules/altpciexpav_stif_rx_cntrl.v                                             ;
; pcihellocore/synthesis/submodules/altpciexpav_stif_rx_resp.v                                              ;
; pcihellocore/synthesis/submodules/altpciexpav_stif_tx.v                                                   ;
; pcihellocore/synthesis/submodules/altpciexpav_stif_tx_cntrl.v                                             ;
; pcihellocore/synthesis/submodules/altpciexpav_stif_txavl_cntrl.v                                          ;
; pcihellocore/synthesis/submodules/altpciexpav_stif_txresp_cntrl.v                                         ;
; pcihellocore/synthesis/submodules/pcihellocore_addr_router.sv                                             ;
; pcihellocore/synthesis/submodules/pcihellocore_cmd_xbar_demux.sv                                          ;
; pcihellocore/synthesis/submodules/pcihellocore_hexport.v                                                  ;
; pcihellocore/synthesis/submodules/pcihellocore_id_router.sv                                               ;
; pcihellocore/synthesis/submodules/pcihellocore_id_router_003.sv                                           ;
; pcihellocore/synthesis/submodules/pcihellocore_inport.v                                                   ;
; pcihellocore/synthesis/submodules/pcihellocore_irq_mapper.sv                                              ;
; pcihellocore/synthesis/submodules/pcihellocore_mm_interconnect_0.v                                        ;
; pcihellocore/synthesis/submodules/pcihellocore_mm_interconnect_0_avalon_st_adapter.v                      ;
; pcihellocore/synthesis/submodules/pcihellocore_mm_interconnect_0_avalon_st_adapter_003.v                  ;
; pcihellocore/synthesis/submodules/pcihellocore_mm_interconnect_0_avalon_st_adapter_003_error_adapter_0.sv ;
; pcihellocore/synthesis/submodules/pcihellocore_mm_interconnect_0_avalon_st_adapter_error_adapter_0.sv     ;
; pcihellocore/synthesis/submodules/pcihellocore_mm_interconnect_0_cmd_demux.sv                             ;
; pcihellocore/synthesis/submodules/pcihellocore_mm_interconnect_0_cmd_mux.sv                               ;
; pcihellocore/synthesis/submodules/pcihellocore_mm_interconnect_0_router.sv                                ;
; pcihellocore/synthesis/submodules/pcihellocore_mm_interconnect_0_router_001.sv                            ;
; pcihellocore/synthesis/submodules/pcihellocore_mm_interconnect_0_router_004.sv                            ;
; pcihellocore/synthesis/submodules/pcihellocore_mm_interconnect_0_rsp_demux.sv                             ;
; pcihellocore/synthesis/submodules/pcihellocore_mm_interconnect_0_rsp_mux.sv                               ;
; pcihellocore/synthesis/submodules/pcihellocore_pcie_hard_ip_0.v                                           ;
; pcihellocore/synthesis/submodules/pcihellocore_pcie_hard_ip_0_altgx_internal.v                            ;
; pcihellocore/synthesis/submodules/pcihellocore_rsp_xbar_demux.sv                                          ;
; pcihellocore/synthesis/submodules/pcihellocore_rsp_xbar_mux.sv                                            ;
+-----------------------------------------------------------------------------------------------------------+


+--------------------+
; Files Not Restored ;
+--------------------+
; File Name          ;
+--------------------+
; pcihello.sdc       ;
+--------------------+


